
> les-etangs@3.0.0 test
> vitest run


 RUN  v3.2.7 /workspace/projet-pisciculture

 ✓ src/development.test.ts (14 tests) 385ms
 ✓ src/swimming.test.ts (4 tests) 734ms
 ✓ src/ui/format.test.ts (3 tests) 41ms
 ✓ src/state/pondSelectors.test.ts (3 tests) 53ms
 ✓ src/game.test.ts (27 tests) 1260ms
   ✓ persistance et stabilité > reste déterministe, finie et rechargeable après deux ans  766ms
 ✓ src/state/preferences.test.ts (1 test) 3ms
 ✓ src/ui/foundation.test.ts (1 test) 14ms
 ✓ src/ui/gauge.test.tsx (1 test) 47ms

 Test Files  8 passed (8)
      Tests  54 passed (54)
   Start at  17:15:37
   Duration  2.82s (transform 567ms, setup 0ms, collect 1.24s, tests 2.54s, environment 2ms, prepare 1.38s)

npm notice
npm notice New major version of npm available! 11.9.0 -> 12.2.0
npm notice Changelog: https://github.com/npm/cli/releases/tag/v12.2.0
npm notice To update run: npm install -g npm@12.2.0
npm notice
