
> les-etangs@3.0.0 test
> vitest run


 RUN  v3.2.7 /workspace/projet-pisciculture

 ✓ src/development.test.ts (14 tests) 302ms
 ✓ src/state/journalSelectors.test.ts (1 test) 42ms
 ✓ src/swimming.test.ts (4 tests) 725ms
 ✓ src/ui/format.test.ts (3 tests) 31ms
 ✓ src/game.test.ts (27 tests) 1124ms
   ✓ persistance et stabilité > reste déterministe, finie et rechargeable après deux ans  637ms
 ✓ src/state/pondSelectors.test.ts (3 tests) 51ms
 ✓ src/ui/foundation.test.ts (1 test) 10ms
 ✓ src/state/operatingGoals.test.ts (2 tests) 19ms
 ✓ src/ui/gauge.test.tsx (1 test) 19ms
 ✓ src/state/financeSelectors.test.ts (2 tests) 9ms
 ✓ src/state/preferences.test.ts (1 test) 5ms

 Test Files  11 passed (11)
      Tests  59 passed (59)
   Start at  18:40:44
   Duration  2.60s (transform 609ms, setup 0ms, collect 1.37s, tests 2.34s, environment 3ms, prepare 1.10s)

npm notice
npm notice New major version of npm available! 11.9.0 -> 12.2.0
npm notice Changelog: https://github.com/npm/cli/releases/tag/v12.2.0
npm notice To update run: npm install -g npm@12.2.0
npm notice
