
> les-etangs@3.0.0 test:e2e
> playwright test --reporter=list,json

[WebServer] (node:50591) Warning: The 'NO_COLOR' env is ignored due to the 'FORCE_COLOR' env being set.
[WebServer] (Use `node --trace-warnings ...` to show where the warning was created)
[WebServer] (node:50604) Warning: The 'NO_COLOR' env is ignored due to the 'FORCE_COLOR' env being set.
[WebServer] (Use `node --trace-warnings ...` to show where the warning was created)

Running 26 tests using 1 worker

(node:50653) Warning: The 'NO_COLOR' env is ignored due to the 'FORCE_COLOR' env being set.
(Use `node --trace-warnings ...` to show where the warning was created)
  ✓   1 tests/game.spec.ts:11:1 › 3D : ferme, bassin, bâtiments et identification des trois espèces (56.6s)
  ✓   2 tests/game.spec.ts:80:1 › import, export, mode expert et protection de sauvegarde corrompue (7.1s)
  ✓   3 tests/game.spec.ts:133:1 › migration automatique V1 conserve le fichier original (1.7s)
  ✓   4 tests/game.spec.ts:171:1 › horloge : vitesse ×60, fenêtre de gestion et pause (4.3s)
  ✓   5 tests/game.spec.ts:200:1 › sans WebGL : la carte et la gestion restent disponibles (6.3s)
  ✓   6 tests/game.spec.ts:262:1 › mobile et accessibilité des pages principales (34.4s)
  ✓   7 tests/game.spec.ts:331:1 › nouvelle partie guidée : terrain vide jusqu’au premier règlement, uniquement par les commandes du jeu (24.3s)
  ✓   8 tests/game.spec.ts:427:1 › migration V2 préserve la partie et propose explicitement le nouveau départ (1.8s)
  ✓   9 tests/keyboard-cycle.spec.ts:25:1 › 1a : du terrain vide au paiement, uniquement au clavier en 1280×800 (28.8s)
  ✓  10 tests/ui-lot0.spec.ts:8:3 › lot 0 : HUD, portraits, ration et clavier à 1920×1080 (7.1s)
  ✓  11 tests/ui-lot0.spec.ts:8:3 › lot 0 : HUD, portraits, ration et clavier à 1440×900 (5.7s)
  ✓  12 tests/ui-lot0.spec.ts:8:3 › lot 0 : HUD, portraits, ration et clavier à 1280×800 (6.4s)
  ✓  13 tests/ui-lot0.spec.ts:8:3 › lot 0 : HUD, portraits, ration et clavier à 1280×720 (11.5s)
  ✓  14 tests/ui-lot0.spec.ts:8:3 › lot 0 : HUD, portraits, ration et clavier à 390×844 (4.9s)
  ✓  15 tests/ui-lot0.spec.ts:57:1 › lot 0 : portable autonome, polices et portraits hors ligne, budget 15 Mo (3.6s)
  ✓  16 tests/ui-lot1a.spec.ts:36:3 › 1a : typographie des sept étapes et six vues en 1920×1080 (42.3s)
  ✓  17 tests/ui-lot1a.spec.ts:36:3 › 1a : typographie des sept étapes et six vues en 1440×900 (38.0s)
  ✓  18 tests/ui-lot1a.spec.ts:36:3 › 1a : typographie des sept étapes et six vues en 1280×800 (48.1s)
  ✓  19 tests/ui-lot1a.spec.ts:36:3 › 1a : typographie des sept étapes et six vues en 1280×720 (37.4s)
  ✓  20 tests/ui-lot1a.spec.ts:36:3 › 1a : typographie des sept étapes et six vues en 390×844 (30.2s)
  ✓  21 tests/ui-lot1a.spec.ts:69:3 › 1a : axe, fontes et libellés de carte à 1440×900 (30.8s)
  ✓  22 tests/ui-lot1a.spec.ts:69:3 › 1a : axe, fontes et libellés de carte à 390×844 (22.2s)
  ✓  23 tests/ui-lot1a.spec.ts:104:1 › 1a : focus du dialogue et explication de désactivation au clavier (7.2s)
  ✓  24 tests/ui-lot1a.spec.ts:127:1 › 1a : les fenêtres de gestion respectent le plancher de texte et axe (22.0s)
  ✓  25 tests/ui-lot1a.spec.ts:151:1 › 1a : la réduction de mouvement et le plancher typographique résistent à 80 % (4.6s)
  ✓  26 tests/ui-lot1a.spec.ts:160:1 › 1a : textes et superpositions des vues 3D sur PC et mobile (56.7s)

  Slow test file: tests/ui-lot1a.spec.ts (5.7m)
  Consider running tests from slow files in parallel. See: https://playwright.dev/docs/test-parallel
  26 passed (9.2m)
npm notice
npm notice New major version of npm available! 11.9.0 -> 12.2.0
npm notice Changelog: https://github.com/npm/cli/releases/tag/v12.2.0
npm notice To update run: npm install -g npm@12.2.0
npm notice
