
> les-etangs@3.0.0 test
> vitest run


 RUN  v3.2.7 /workspace/projet-pisciculture

 ✓ src/swimming.test.ts (4 tests) 751ms
   ✓ trout nage sans téléportation ni sortie du bassin pendant cinq minutes  348ms
 ✓ src/development.test.ts (14 tests) 591ms
   ✓ parcourt une nouvelle exploitation jusqu’au paiement, avec croissance de plusieurs mois et réapprovisionnements  362ms
 ✓ src/ui/format.test.ts (3 tests) 28ms
 ✓ src/ui/foundation.test.ts (1 test) 6ms
 ✓ src/game.test.ts (27 tests) 1678ms
   ✓ lots et alimentation > fait grandir les carpes sur deux saisons avec hivernage  334ms
   ✓ persistance et stabilité > reste déterministe, finie et rechargeable après deux ans  1014ms

 Test Files  5 passed (5)
      Tests  49 passed (49)
   Start at  14:16:24
   Duration  2.71s (transform 622ms, setup 0ms, collect 1.02s, tests 3.05s, environment 1ms, prepare 784ms)

npm notice
npm notice New major version of npm available! 11.9.0 -> 12.2.0
npm notice Changelog: https://github.com/npm/cli/releases/tag/v12.2.0
npm notice To update run: npm install -g npm@12.2.0
npm notice
