
> les-etangs@3.0.0 test
> vitest run


 RUN  v3.2.7 /workspace/projet-pisciculture

 ✓ src/swimming.test.ts (4 tests) 927ms
   ✓ trout nage sans téléportation ni sortie du bassin pendant cinq minutes  555ms
 ✓ src/game.test.ts (27 tests) 1357ms
   ✓ persistance et stabilité > reste déterministe, finie et rechargeable après deux ans  757ms
 ✓ src/development.test.ts (14 tests) 533ms
 ✓ src/state/feedback.test.ts (2 tests) 86ms
 ✓ src/state/ledger.test.ts (8 tests) 2451ms
   ✓ réconcilie tous les centimes du terrain vide au règlement et recharge le registre à chaque étape  547ms
   ✓ observe deux cycles successifs sans attribuer les investissements initiaux au second  1579ms
 ✓ src/world/lifeSelectors.test.ts (3 tests) 63ms
 ✓ src/ui/format.test.ts (3 tests) 81ms
 ✓ src/state/pondSelectors.test.ts (3 tests) 48ms
 ✓ src/world/artSelectors.test.ts (2 tests) 45ms
 ✓ src/state/journalSelectors.test.ts (1 test) 90ms
 ✓ src/state/gameEvents.test.ts (5 tests) 216ms
 ✓ src/state/financeSelectors.test.ts (2 tests) 15ms
 ✓ src/state/operatingGoals.test.ts (2 tests) 36ms
 ✓ src/ui/foundation.test.ts (1 test) 50ms
 ✓ src/ui/gauge.test.tsx (1 test) 75ms
 ✓ src/audio/mixer.test.ts (1 test) 6ms
 ✓ src/state/preferences.test.ts (1 test) 8ms

 Test Files  17 passed (17)
      Tests  80 passed (80)
   Start at  22:15:19
   Duration  7.52s (transform 1.23s, setup 0ms, collect 3.02s, tests 6.09s, environment 9ms, prepare 3.50s)

npm notice
npm notice New major version of npm available! 11.9.0 -> 12.2.0
npm notice Changelog: https://github.com/npm/cli/releases/tag/v12.2.0
npm notice To update run: npm install -g npm@12.2.0
npm notice
