
> les-etangs@3.0.0 test
> vitest run


 RUN  v3.2.7 /workspace/projet-pisciculture

 ✓ src/swimming.test.ts (4 tests) 777ms
   ✓ trout nage sans téléportation ni sortie du bassin pendant cinq minutes  318ms
 ✓ src/game.test.ts (27 tests) 990ms
   ✓ persistance et stabilité > reste déterministe, finie et rechargeable après deux ans  611ms
 ✓ src/development.test.ts (14 tests) 343ms
 ✓ src/i18n/index.test.ts (5 tests) 127ms
 ✓ src/state/ledger.test.ts (8 tests) 1704ms
   ✓ réconcilie tous les centimes du terrain vide au règlement et recharge le registre à chaque étape  393ms
   ✓ groupe sans doublonner deux vrais règlements reçus le même jour  327ms
   ✓ observe deux cycles successifs sans attribuer les investissements initiaux au second  920ms
 ✓ src/controls/controls.test.ts (5 tests) 72ms
 ✓ src/world/lifeSelectors.test.ts (3 tests) 52ms
 ✓ src/state/feedback.test.ts (2 tests) 49ms
 ✓ src/state/gameEvents.test.ts (5 tests) 127ms
 ✓ src/ui/format.test.ts (3 tests) 52ms
 ✓ src/world/artSelectors.test.ts (2 tests) 76ms
 ✓ src/state/pondSelectors.test.ts (3 tests) 87ms
 ✓ src/world/notifications.test.ts (1 test) 33ms
 ✓ src/state/operatingGoals.test.ts (2 tests) 36ms
 ✓ src/state/journalSelectors.test.ts (1 test) 38ms
 ✓ src/state/saves.test.ts (4 tests) 25ms
 ✓ src/ui/foundation.test.ts (1 test) 25ms
 ✓ src/ui/gauge.test.tsx (1 test) 21ms
 ✓ src/world/disposal.test.ts (1 test) 24ms
 ✓ src/world/quality.test.ts (2 tests) 28ms
 ✓ src/state/financeSelectors.test.ts (2 tests) 9ms
 ✓ src/state/preferences.test.ts (1 test) 4ms
 ✓ src/audio/mixer.test.ts (1 test) 7ms

 Test Files  23 passed (23)
      Tests  98 passed (98)
   Start at  02:16:55
   Duration  7.35s (transform 1.79s, setup 0ms, collect 5.39s, tests 4.71s, environment 7ms, prepare 2.90s)

npm notice
npm notice New major version of npm available! 11.9.0 -> 12.2.0
npm notice Changelog: https://github.com/npm/cli/releases/tag/v12.2.0
npm notice To update run: npm install -g npm@12.2.0
npm notice
