
> les-etangs@3.0.0 test:e2e
> playwright test --reporter=list,json

[WebServer] (node:160010) Warning: The 'NO_COLOR' env is ignored due to the 'FORCE_COLOR' env being set.
[WebServer] (Use `node --trace-warnings ...` to show where the warning was created)
[WebServer] (node:160030) Warning: The 'NO_COLOR' env is ignored due to the 'FORCE_COLOR' env being set.
[WebServer] (Use `node --trace-warnings ...` to show where the warning was created)
[WebServer] 
[WebServer] (!) Some chunks are larger than 500 kB after minification. Consider:
[WebServer] - Using dynamic import() to code-split the application
[WebServer] - Use build.rollupOptions.output.manualChunks to improve chunking: https://rollupjs.org/configuration-options/#output-manualchunks
[WebServer] - Adjust chunk size limit for this warning via build.chunkSizeWarningLimit.
[WebServer] npm notice
[WebServer] npm notice New major version of npm available! 11.9.0 -> 12.2.0
[WebServer] npm notice Changelog: https://github.com/npm/cli/releases/tag/v12.2.0
[WebServer] npm notice To update run: npm install -g npm@12.2.0
[WebServer] npm notice
[WebServer] (node:160051) Warning: The 'NO_COLOR' env is ignored due to the 'FORCE_COLOR' env being set.
[WebServer] (Use `node --trace-warnings ...` to show where the warning was created)
[WebServer] (node:160064) Warning: The 'NO_COLOR' env is ignored due to the 'FORCE_COLOR' env being set.
[WebServer] (Use `node --trace-warnings ...` to show where the warning was created)

Running 49 tests using 1 worker

(node:160082) Warning: The 'NO_COLOR' env is ignored due to the 'FORCE_COLOR' env being set.
(Use `node --trace-warnings ...` to show where the warning was created)
  ✓   1 tests/game.spec.ts:13:1 › 3D : ferme, bassin, bâtiments et identification des trois espèces (29.7s)
  ✓   2 tests/game.spec.ts:77:1 › import, export, mode expert et protection de sauvegarde corrompue (7.4s)
  ✓   3 tests/game.spec.ts:128:1 › migration automatique V1 conserve le fichier original (2.0s)
  ✓   4 tests/game.spec.ts:167:1 › horloge : vitesse ×8, fenêtre de gestion et pause (3.1s)
  ✓   5 tests/game.spec.ts:188:1 › sans WebGL : la carte et la gestion restent disponibles (5.5s)
  ✓   6 tests/game.spec.ts:256:1 › mobile et accessibilité des pages principales (12.8s)
  ✓   7 tests/game.spec.ts:323:1 › nouvelle partie guidée : terrain vide jusqu’au premier règlement, uniquement par les commandes du jeu (1.8m)
  ✓   8 tests/game.spec.ts:432:1 › migration V2 préserve la partie et propose explicitement le nouveau départ (1.9s)
  ✓   9 tests/keyboard-cycle.spec.ts:38:1 › 1a : du terrain vide au paiement, uniquement au clavier en 1280×800 (1.6m)
  ✓  10 tests/ui-lot0.spec.ts:15:3 › lot 0 : HUD, portraits, ration et clavier à 1920×1080 (5.8s)
  ✓  11 tests/ui-lot0.spec.ts:15:3 › lot 0 : HUD, portraits, ration et clavier à 1440×900 (4.1s)
  ✓  12 tests/ui-lot0.spec.ts:15:3 › lot 0 : HUD, portraits, ration et clavier à 1280×800 (3.9s)
  ✓  13 tests/ui-lot0.spec.ts:15:3 › lot 0 : HUD, portraits, ration et clavier à 1280×720 (3.4s)
  ✓  14 tests/ui-lot0.spec.ts:15:3 › lot 0 : HUD, portraits, ration et clavier à 390×844 (3.4s)
  ✓  15 tests/ui-lot0.spec.ts:131:1 › lot 0 : portable autonome, polices et portraits hors ligne, budget 15 Mo (15.4s)
  ✓  16 tests/ui-lot1a.spec.ts:44:3 › 1a : typographie des sept étapes et six vues en 1920×1080 (15.3s)
  ✓  17 tests/ui-lot1a.spec.ts:44:3 › 1a : typographie des sept étapes et six vues en 1440×900 (13.6s)
  ✓  18 tests/ui-lot1a.spec.ts:44:3 › 1a : typographie des sept étapes et six vues en 1280×800 (18.5s)
  ✓  19 tests/ui-lot1a.spec.ts:44:3 › 1a : typographie des sept étapes et six vues en 1280×720 (10.3s)
  ✓  20 tests/ui-lot1a.spec.ts:44:3 › 1a : typographie des sept étapes et six vues en 390×844 (6.2s)
  ✓  21 tests/ui-lot1a.spec.ts:77:3 › 1a : axe, fontes et libellés de carte à 1440×900 (13.8s)
  ✓  22 tests/ui-lot1a.spec.ts:77:3 › 1a : axe, fontes et libellés de carte à 390×844 (13.6s)
  ✓  23 tests/ui-lot1a.spec.ts:113:1 › 1a : focus du dialogue et explication de désactivation au clavier (5.5s)
  ✓  24 tests/ui-lot1a.spec.ts:138:1 › 1a : les fenêtres de gestion respectent le plancher de texte et axe (8.8s)
  ✓  25 tests/ui-lot1a.spec.ts:169:1 › 1a : la réduction de mouvement et le plancher typographique résistent à 80 % (2.1s)
  ✓  26 tests/ui-lot1a.spec.ts:179:1 › 1a : textes et superpositions des vues 3D sur PC et mobile (18.4s)
  ✓  27 tests/ui-lot1b.spec.ts:14:3 › 1b : monde persistant, sept états et six panneaux en 1920×1080 (51.7s)
  ✓  28 tests/ui-lot1b.spec.ts:14:3 › 1b : monde persistant, sept états et six panneaux en 1440×900 (38.7s)
  ✓  29 tests/ui-lot1b.spec.ts:14:3 › 1b : monde persistant, sept états et six panneaux en 1280×800 (34.5s)
  ✓  30 tests/ui-lot1b.spec.ts:59:1 › 1b : raccourcis, restauration du focus, urgence et guide du modèle (8.7s)
  ✓  31 tests/ui-lot1c.spec.ts:17:3 › 1c : échelle 80–150 %, onglets et composants à 1440×900 (32.6s)
  ✓  32 tests/ui-lot1c.spec.ts:17:3 › 1c : échelle 80–150 %, onglets et composants à 390×844 (15.0s)
  ✓  33 tests/ui-lot2a.spec.ts:9:1 › 2a : sélectionner et construire une parcelle dans le vrai monde 3D (24.9s)
  ✓  34 tests/ui-lot2a.spec.ts:81:3 › 2a : quatre mesures, onglets et action unique en 1440×900 (9.4s)
  ✓  35 tests/ui-lot2a.spec.ts:81:3 › 2a : quatre mesures, onglets et action unique en 390×844 (6.9s)
  ✓  36 tests/ui-lot2b.spec.ts:11:3 › 2b : chaîne, quatre onglets et graphique à 1440×900 (21.0s)
  ✓  37 tests/ui-lot2b.spec.ts:11:3 › 2b : chaîne, quatre onglets et graphique à 390×844 (14.8s)
  ✓  38 tests/ui-lot2b.spec.ts:130:1 › 2b : récolte, transport et paiement restent des actions distinctes (5.0s)
  ✓  39 tests/ui-lot2c.spec.ts:11:3 › 2c : journal, encyclopédie et progression à 1440×900 (11.8s)
  ✓  40 tests/ui-lot2c.spec.ts:11:3 › 2c : journal, encyclopédie et progression à 390×844 (9.0s)
  ✓  41 tests/ui-lot2c.spec.ts:154:1 › 2c : TAN, débit et conversion expliqués au clavier dans leur contexte (4.1s)
  ✓  42 tests/ui-lot3a.spec.ts:9:3 › 3a : audio, cinq volumes, geste, visibilité et retours à 1440×900 (15.6s)
  ✓  43 tests/ui-lot3a.spec.ts:9:3 › 3a : audio, cinq volumes, geste, visibilité et retours à 390×844 (6.7s)
  ✓  44 tests/ui-lot3b.spec.ts:12:3 › 3b : horloge, événements et interruption à 1440×900 (26.8s)
  ✓  45 tests/ui-lot3b.spec.ts:12:3 › 3b : horloge, événements et interruption à 390×844 (9.5s)
  ✓  46 tests/ui-lot3c.spec.ts:21:3 › 3c : bilan exact, prévision, registre V4 à 1440×900 (18.3s)
  ✓  47 tests/ui-lot3c.spec.ts:21:3 › 3c : bilan exact, prévision, registre V4 à 390×844 (11.6s)
  ✓  48 tests/ui-lot3c.spec.ts:177:1 › 3c : première récolte célébrée puis bilan provisoire sans encaissement fictif (8.4s)
  ✓  49 tests/ui-lot4a.spec.ts:8:1 › 4a : travaux incrémentaux, bâtiments réels et scène persistante (29.6s)

  49 passed (14.3m)
npm notice
npm notice New major version of npm available! 11.9.0 -> 12.2.0
npm notice Changelog: https://github.com/npm/cli/releases/tag/v12.2.0
npm notice To update run: npm install -g npm@12.2.0
npm notice
