
> les-etangs@3.0.0 test
> vitest run


 RUN  v3.2.7 /workspace/projet-pisciculture

 ✓ src/swimming.test.ts (4 tests) 622ms
   ✓ trout nage sans téléportation ni sortie du bassin pendant cinq minutes  305ms
 ✓ src/game.test.ts (27 tests) 761ms
   ✓ persistance et stabilité > reste déterministe, finie et rechargeable après deux ans  476ms
 ✓ src/development.test.ts (14 tests) 474ms
 ✓ src/state/gameEvents.test.ts (5 tests) 42ms
 ✓ src/state/ledger.test.ts (8 tests) 1719ms
   ✓ réconcilie tous les centimes du terrain vide au règlement et recharge le registre à chaque étape  402ms
   ✓ groupe sans doublonner deux vrais règlements reçus le même jour  325ms
   ✓ observe deux cycles successifs sans attribuer les investissements initiaux au second  951ms
 ✓ src/world/lifeSelectors.test.ts (3 tests) 39ms
 ✓ src/state/feedback.test.ts (2 tests) 42ms
 ✓ src/world/artSelectors.test.ts (2 tests) 25ms
 ✓ src/ui/format.test.ts (3 tests) 30ms
 ✓ src/state/pondSelectors.test.ts (3 tests) 27ms
 ✓ src/state/journalSelectors.test.ts (1 test) 33ms
 ✓ src/state/saves.test.ts (4 tests) 18ms
 ✓ src/ui/foundation.test.ts (1 test) 22ms
 ✓ src/state/operatingGoals.test.ts (2 tests) 9ms
 ✓ src/state/financeSelectors.test.ts (2 tests) 7ms
 ✓ src/ui/gauge.test.tsx (1 test) 18ms
 ✓ src/state/preferences.test.ts (1 test) 7ms
 ✓ src/world/notifications.test.ts (1 test) 17ms
 ✓ src/world/quality.test.ts (2 tests) 5ms
 ✓ src/audio/mixer.test.ts (1 test) 4ms
 ✓ src/world/disposal.test.ts (1 test) 4ms

 Test Files  21 passed (21)
      Tests  88 passed (88)
   Start at  00:31:56
   Duration  4.60s (transform 1.14s, setup 0ms, collect 2.55s, tests 3.93s, environment 5ms, prepare 2.08s)

npm notice
npm notice New major version of npm available! 11.9.0 -> 12.2.0
npm notice Changelog: https://github.com/npm/cli/releases/tag/v12.2.0
npm notice To update run: npm install -g npm@12.2.0
npm notice
