
> les-etangs@3.0.0 test:e2e
> playwright test --reporter=list,json

[WebServer] (node:126009) Warning: The 'NO_COLOR' env is ignored due to the 'FORCE_COLOR' env being set.
[WebServer] (Use `node --trace-warnings ...` to show where the warning was created)
[WebServer] (node:126033) Warning: The 'NO_COLOR' env is ignored due to the 'FORCE_COLOR' env being set.
[WebServer] (Use `node --trace-warnings ...` to show where the warning was created)
[WebServer] 
[WebServer] (!) Some chunks are larger than 500 kB after minification. Consider:
[WebServer] - Using dynamic import() to code-split the application
[WebServer] - Use build.rollupOptions.output.manualChunks to improve chunking: https://rollupjs.org/configuration-options/#output-manualchunks
[WebServer] - Adjust chunk size limit for this warning via build.chunkSizeWarningLimit.
[WebServer] npm notice
[WebServer] npm notice New major version of npm available! 11.9.0 -> 12.2.0
[WebServer] npm notice Changelog: https://github.com/npm/cli/releases/tag/v12.2.0
[WebServer] npm notice To update run: npm install -g npm@12.2.0
[WebServer] npm notice
[WebServer] (node:126066) Warning: The 'NO_COLOR' env is ignored due to the 'FORCE_COLOR' env being set.
[WebServer] (Use `node --trace-warnings ...` to show where the warning was created)
[WebServer] (node:126079) Warning: The 'NO_COLOR' env is ignored due to the 'FORCE_COLOR' env being set.
[WebServer] (Use `node --trace-warnings ...` to show where the warning was created)

Running 43 tests using 1 worker

(node:126100) Warning: The 'NO_COLOR' env is ignored due to the 'FORCE_COLOR' env being set.
(Use `node --trace-warnings ...` to show where the warning was created)
  ✓   1 tests/game.spec.ts:12:1 › 3D : ferme, bassin, bâtiments et identification des trois espèces (39.8s)
  ✓   2 tests/game.spec.ts:69:1 › import, export, mode expert et protection de sauvegarde corrompue (11.3s)
  ✓   3 tests/game.spec.ts:123:1 › migration automatique V1 conserve le fichier original (907ms)
  ✓   4 tests/game.spec.ts:162:1 › horloge : vitesse ×60, fenêtre de gestion et pause (5.3s)
  ✓   5 tests/game.spec.ts:192:1 › sans WebGL : la carte et la gestion restent disponibles (6.4s)
  ✓   6 tests/game.spec.ts:246:1 › mobile et accessibilité des pages principales (17.6s)
  ✓   7 tests/game.spec.ts:311:1 › nouvelle partie guidée : terrain vide jusqu’au premier règlement, uniquement par les commandes du jeu (26.3s)
  ✓   8 tests/game.spec.ts:409:1 › migration V2 préserve la partie et propose explicitement le nouveau départ (4.3s)
  ✓   9 tests/keyboard-cycle.spec.ts:37:1 › 1a : du terrain vide au paiement, uniquement au clavier en 1280×800 (24.8s)
  ✓  10 tests/ui-lot0.spec.ts:15:3 › lot 0 : HUD, portraits, ration et clavier à 1920×1080 (5.9s)
  ✓  11 tests/ui-lot0.spec.ts:15:3 › lot 0 : HUD, portraits, ration et clavier à 1440×900 (4.6s)
  ✓  12 tests/ui-lot0.spec.ts:15:3 › lot 0 : HUD, portraits, ration et clavier à 1280×800 (4.3s)
  ✓  13 tests/ui-lot0.spec.ts:15:3 › lot 0 : HUD, portraits, ration et clavier à 1280×720 (4.2s)
  ✓  14 tests/ui-lot0.spec.ts:15:3 › lot 0 : HUD, portraits, ration et clavier à 390×844 (3.5s)
  ✓  15 tests/ui-lot0.spec.ts:131:1 › lot 0 : portable autonome, polices et portraits hors ligne, budget 15 Mo (23.3s)
  ✓  16 tests/ui-lot1a.spec.ts:43:3 › 1a : typographie des sept étapes et six vues en 1920×1080 (18.0s)
  ✓  17 tests/ui-lot1a.spec.ts:43:3 › 1a : typographie des sept étapes et six vues en 1440×900 (12.7s)
  ✓  18 tests/ui-lot1a.spec.ts:43:3 › 1a : typographie des sept étapes et six vues en 1280×800 (11.4s)
  ✓  19 tests/ui-lot1a.spec.ts:43:3 › 1a : typographie des sept étapes et six vues en 1280×720 (10.2s)
  ✓  20 tests/ui-lot1a.spec.ts:43:3 › 1a : typographie des sept étapes et six vues en 390×844 (8.8s)
  ✓  21 tests/ui-lot1a.spec.ts:76:3 › 1a : axe, fontes et libellés de carte à 1440×900 (12.3s)
  ✓  22 tests/ui-lot1a.spec.ts:76:3 › 1a : axe, fontes et libellés de carte à 390×844 (10.2s)
  ✓  23 tests/ui-lot1a.spec.ts:112:1 › 1a : focus du dialogue et explication de désactivation au clavier (4.8s)
  ✓  24 tests/ui-lot1a.spec.ts:137:1 › 1a : les fenêtres de gestion respectent le plancher de texte et axe (8.7s)
  ✓  25 tests/ui-lot1a.spec.ts:168:1 › 1a : la réduction de mouvement et le plancher typographique résistent à 80 % (2.5s)
  ✓  26 tests/ui-lot1a.spec.ts:178:1 › 1a : textes et superpositions des vues 3D sur PC et mobile (26.6s)
  ✓  27 tests/ui-lot1b.spec.ts:14:3 › 1b : monde persistant, sept états et six panneaux en 1920×1080 (1.5m)
  ✓  28 tests/ui-lot1b.spec.ts:14:3 › 1b : monde persistant, sept états et six panneaux en 1440×900 (1.6m)
  ✓  29 tests/ui-lot1b.spec.ts:14:3 › 1b : monde persistant, sept états et six panneaux en 1280×800 (1.4m)
  ✓  30 tests/ui-lot1b.spec.ts:59:1 › 1b : raccourcis, restauration du focus, urgence et guide du modèle (6.9s)
  ✓  31 tests/ui-lot1c.spec.ts:17:3 › 1c : échelle 80–150 %, onglets et composants à 1440×900 (29.2s)
  ✓  32 tests/ui-lot1c.spec.ts:17:3 › 1c : échelle 80–150 %, onglets et composants à 390×844 (16.1s)
  ✓  33 tests/ui-lot2a.spec.ts:8:1 › 2a : sélectionner et construire une parcelle dans le vrai monde 3D (38.5s)
  ✓  34 tests/ui-lot2a.spec.ts:80:3 › 2a : quatre mesures, onglets et action unique en 1440×900 (11.6s)
  ✓  35 tests/ui-lot2a.spec.ts:80:3 › 2a : quatre mesures, onglets et action unique en 390×844 (7.5s)
  ✓  36 tests/ui-lot2b.spec.ts:10:3 › 2b : chaîne, quatre onglets et graphique à 1440×900 (18.1s)
  ✓  37 tests/ui-lot2b.spec.ts:10:3 › 2b : chaîne, quatre onglets et graphique à 390×844 (13.9s)
  ✓  38 tests/ui-lot2b.spec.ts:129:1 › 2b : récolte, transport et paiement restent des actions distinctes (3.6s)
  ✓  39 tests/ui-lot2c.spec.ts:10:3 › 2c : journal, encyclopédie et progression à 1440×900 (11.6s)
  ✓  40 tests/ui-lot2c.spec.ts:10:3 › 2c : journal, encyclopédie et progression à 390×844 (8.9s)
  ✓  41 tests/ui-lot2c.spec.ts:153:1 › 2c : TAN, débit et conversion expliqués au clavier dans leur contexte (4.3s)
  ✓  42 tests/ui-lot3a.spec.ts:9:3 › 3a : audio, cinq volumes, geste, visibilité et retours à 1440×900 (11.6s)
  ✓  43 tests/ui-lot3a.spec.ts:9:3 › 3a : audio, cinq volumes, geste, visibilité et retours à 390×844 (6.4s)

  43 passed (13.1m)
npm notice
npm notice New major version of npm available! 11.9.0 -> 12.2.0
npm notice Changelog: https://github.com/npm/cli/releases/tag/v12.2.0
npm notice To update run: npm install -g npm@12.2.0
npm notice
