
> les-etangs@3.0.0 test
> vitest run


 RUN  v3.2.7 /workspace/projet-pisciculture

 ✓ src/development.test.ts (14 tests) 503ms
 ✓ src/swimming.test.ts (4 tests) 689ms
 ✓ src/ui/format.test.ts (3 tests) 26ms
 ✓ src/state/pondSelectors.test.ts (3 tests) 43ms
 ✓ src/game.test.ts (27 tests) 1255ms
   ✓ persistance et stabilité > reste déterministe, finie et rechargeable après deux ans  696ms
 ✓ src/state/feedback.test.ts (2 tests) 35ms
 ✓ src/ui/gauge.test.tsx (1 test) 12ms
 ✓ src/state/journalSelectors.test.ts (1 test) 75ms
 ✓ src/ui/foundation.test.ts (1 test) 8ms
 ✓ src/state/preferences.test.ts (1 test) 6ms
 ✓ src/state/financeSelectors.test.ts (2 tests) 9ms
 ✓ src/state/operatingGoals.test.ts (2 tests) 7ms
 ✓ src/audio/mixer.test.ts (1 test) 12ms

 Test Files  13 passed (13)
      Tests  62 passed (62)
   Start at  19:34:51
   Duration  3.61s (transform 779ms, setup 0ms, collect 1.67s, tests 2.68s, environment 4ms, prepare 1.62s)

npm notice
npm notice New major version of npm available! 11.9.0 -> 12.2.0
npm notice Changelog: https://github.com/npm/cli/releases/tag/v12.2.0
npm notice To update run: npm install -g npm@12.2.0
npm notice
