
> les-etangs@3.0.0 test
> vitest run


 RUN  v3.2.7 /workspace/projet-pisciculture

 ✓ src/swimming.test.ts (4 tests) 721ms
 ✓ src/game.test.ts (27 tests) 1678ms
   ✓ persistance et stabilité > reste déterministe, finie et rechargeable après deux ans  1174ms
 ✓ src/state/ledger.test.ts (8 tests) 1979ms
   ✓ réconcilie tous les centimes du terrain vide au règlement et recharge le registre à chaque étape  483ms
   ✓ groupe sans doublonner deux vrais règlements reçus le même jour  358ms
   ✓ observe deux cycles successifs sans attribuer les investissements initiaux au second  1058ms
 ✓ src/development.test.ts (14 tests) 876ms
   ✓ parcourt une nouvelle exploitation jusqu’au paiement, avec croissance de plusieurs mois et réapprovisionnements  479ms
 ✓ src/state/journalSelectors.test.ts (1 test) 35ms
 ✓ src/state/gameEvents.test.ts (5 tests) 84ms
 ✓ src/ui/format.test.ts (3 tests) 46ms
 ✓ src/state/pondSelectors.test.ts (3 tests) 64ms
 ✓ src/state/feedback.test.ts (2 tests) 86ms
 ✓ src/state/financeSelectors.test.ts (2 tests) 11ms
 ✓ src/state/operatingGoals.test.ts (2 tests) 17ms
 ✓ src/ui/gauge.test.tsx (1 test) 34ms
 ✓ src/ui/foundation.test.ts (1 test) 8ms
 ✓ src/audio/mixer.test.ts (1 test) 13ms
 ✓ src/state/preferences.test.ts (1 test) 4ms

 Test Files  15 passed (15)
      Tests  75 passed (75)
   Start at  21:18:42
   Duration  5.36s (transform 1.00s, setup 0ms, collect 2.45s, tests 5.66s, environment 4ms, prepare 2.21s)

npm notice
npm notice New major version of npm available! 11.9.0 -> 12.2.0
npm notice Changelog: https://github.com/npm/cli/releases/tag/v12.2.0
npm notice To update run: npm install -g npm@12.2.0
npm notice
