
> les-etangs@3.0.0 test:e2e
> playwright test --reporter=list,json

[WebServer] (node:93652) Warning: The 'NO_COLOR' env is ignored due to the 'FORCE_COLOR' env being set.
[WebServer] (Use `node --trace-warnings ...` to show where the warning was created)
[WebServer] (node:93685) Warning: The 'NO_COLOR' env is ignored due to the 'FORCE_COLOR' env being set.
[WebServer] (Use `node --trace-warnings ...` to show where the warning was created)
[WebServer] 
[WebServer] (!) Some chunks are larger than 500 kB after minification. Consider:
[WebServer] - Using dynamic import() to code-split the application
[WebServer] - Use build.rollupOptions.output.manualChunks to improve chunking: https://rollupjs.org/configuration-options/#output-manualchunks
[WebServer] - Adjust chunk size limit for this warning via build.chunkSizeWarningLimit.
[WebServer] npm notice
[WebServer] npm notice New major version of npm available! 11.9.0 -> 12.2.0
[WebServer] npm notice Changelog: https://github.com/npm/cli/releases/tag/v12.2.0
[WebServer] npm notice To update run: npm install -g npm@12.2.0
[WebServer] npm notice
[WebServer] (node:93715) Warning: The 'NO_COLOR' env is ignored due to the 'FORCE_COLOR' env being set.
[WebServer] (Use `node --trace-warnings ...` to show where the warning was created)
[WebServer] (node:93728) Warning: The 'NO_COLOR' env is ignored due to the 'FORCE_COLOR' env being set.
[WebServer] (Use `node --trace-warnings ...` to show where the warning was created)

Running 38 tests using 1 worker

(node:93748) Warning: The 'NO_COLOR' env is ignored due to the 'FORCE_COLOR' env being set.
(Use `node --trace-warnings ...` to show where the warning was created)
  ✓   1 tests/game.spec.ts:12:1 › 3D : ferme, bassin, bâtiments et identification des trois espèces (53.1s)
  ✓   2 tests/game.spec.ts:68:1 › import, export, mode expert et protection de sauvegarde corrompue (9.8s)
  ✓   3 tests/game.spec.ts:122:1 › migration automatique V1 conserve le fichier original (1.2s)
  ✓   4 tests/game.spec.ts:161:1 › horloge : vitesse ×60, fenêtre de gestion et pause (4.0s)
  ✓   5 tests/game.spec.ts:191:1 › sans WebGL : la carte et la gestion restent disponibles (10.2s)
  ✓   6 tests/game.spec.ts:245:1 › mobile et accessibilité des pages principales (17.6s)
  ✓   7 tests/game.spec.ts:310:1 › nouvelle partie guidée : terrain vide jusqu’au premier règlement, uniquement par les commandes du jeu (23.7s)
  ✓   8 tests/game.spec.ts:408:1 › migration V2 préserve la partie et propose explicitement le nouveau départ (1.4s)
  ✓   9 tests/keyboard-cycle.spec.ts:26:1 › 1a : du terrain vide au paiement, uniquement au clavier en 1280×800 (44.1s)
  ✓  10 tests/ui-lot0.spec.ts:9:3 › lot 0 : HUD, portraits, ration et clavier à 1920×1080 (15.5s)
  ✓  11 tests/ui-lot0.spec.ts:9:3 › lot 0 : HUD, portraits, ration et clavier à 1440×900 (8.6s)
  ✓  12 tests/ui-lot0.spec.ts:9:3 › lot 0 : HUD, portraits, ration et clavier à 1280×800 (4.7s)
  ✓  13 tests/ui-lot0.spec.ts:9:3 › lot 0 : HUD, portraits, ration et clavier à 1280×720 (4.6s)
  ✓  14 tests/ui-lot0.spec.ts:9:3 › lot 0 : HUD, portraits, ration et clavier à 390×844 (3.3s)
  ✓  15 tests/ui-lot0.spec.ts:61:1 › lot 0 : portable autonome, polices et portraits hors ligne, budget 15 Mo (20.9s)
  ✓  16 tests/ui-lot1a.spec.ts:43:3 › 1a : typographie des sept étapes et six vues en 1920×1080 (25.1s)
  ✓  17 tests/ui-lot1a.spec.ts:43:3 › 1a : typographie des sept étapes et six vues en 1440×900 (15.7s)
  ✓  18 tests/ui-lot1a.spec.ts:43:3 › 1a : typographie des sept étapes et six vues en 1280×800 (17.1s)
  ✓  19 tests/ui-lot1a.spec.ts:43:3 › 1a : typographie des sept étapes et six vues en 1280×720 (15.0s)
  ✓  20 tests/ui-lot1a.spec.ts:43:3 › 1a : typographie des sept étapes et six vues en 390×844 (10.2s)
  ✓  21 tests/ui-lot1a.spec.ts:76:3 › 1a : axe, fontes et libellés de carte à 1440×900 (18.4s)
  ✓  22 tests/ui-lot1a.spec.ts:76:3 › 1a : axe, fontes et libellés de carte à 390×844 (11.4s)
  ✓  23 tests/ui-lot1a.spec.ts:112:1 › 1a : focus du dialogue et explication de désactivation au clavier (4.5s)
  ✓  24 tests/ui-lot1a.spec.ts:137:1 › 1a : les fenêtres de gestion respectent le plancher de texte et axe (9.8s)
  ✓  25 tests/ui-lot1a.spec.ts:164:1 › 1a : la réduction de mouvement et le plancher typographique résistent à 80 % (3.2s)
  ✓  26 tests/ui-lot1a.spec.ts:174:1 › 1a : textes et superpositions des vues 3D sur PC et mobile (25.9s)
  ✓  27 tests/ui-lot1b.spec.ts:14:3 › 1b : monde persistant, sept états et six panneaux en 1920×1080 (1.6m)
  ✓  28 tests/ui-lot1b.spec.ts:14:3 › 1b : monde persistant, sept états et six panneaux en 1440×900 (1.2m)
  ✓  29 tests/ui-lot1b.spec.ts:14:3 › 1b : monde persistant, sept états et six panneaux en 1280×800 (1.2m)
  ✓  30 tests/ui-lot1b.spec.ts:59:1 › 1b : raccourcis, restauration du focus, urgence et guide du modèle (8.1s)
  ✓  31 tests/ui-lot1c.spec.ts:17:3 › 1c : échelle 80–150 %, onglets et composants à 1440×900 (36.0s)
  ✓  32 tests/ui-lot1c.spec.ts:17:3 › 1c : échelle 80–150 %, onglets et composants à 390×844 (19.7s)
  ✓  33 tests/ui-lot2a.spec.ts:8:1 › 2a : sélectionner et construire une parcelle dans le vrai monde 3D (39.0s)
  ✓  34 tests/ui-lot2a.spec.ts:80:3 › 2a : quatre mesures, onglets et action unique en 1440×900 (14.7s)
  ✓  35 tests/ui-lot2a.spec.ts:80:3 › 2a : quatre mesures, onglets et action unique en 390×844 (9.5s)
  ✓  36 tests/ui-lot2b.spec.ts:10:3 › 2b : chaîne, quatre onglets et graphique à 1440×900 (19.9s)
  ✓  37 tests/ui-lot2b.spec.ts:10:3 › 2b : chaîne, quatre onglets et graphique à 390×844 (16.2s)
  ✓  38 tests/ui-lot2b.spec.ts:129:1 › 2b : récolte, transport et paiement restent des actions distinctes (3.0s)

  38 passed (13.4m)
npm notice
npm notice New major version of npm available! 11.9.0 -> 12.2.0
npm notice Changelog: https://github.com/npm/cli/releases/tag/v12.2.0
npm notice To update run: npm install -g npm@12.2.0
npm notice
