
> les-etangs@3.0.0 test
> vitest run


 RUN  v3.2.7 /workspace/projet-pisciculture

 ✓ src/development.test.ts (14 tests) 536ms
   ✓ parcourt une nouvelle exploitation jusqu’au paiement, avec croissance de plusieurs mois et réapprovisionnements  301ms
 ✓ src/game.test.ts (27 tests) 1150ms
   ✓ persistance et stabilité > reste déterministe, finie et rechargeable après deux ans  716ms
 ✓ src/swimming.test.ts (4 tests) 1293ms
   ✓ trout nage sans téléportation ni sortie du bassin pendant cinq minutes  587ms
   ✓ carp nage sans téléportation ni sortie du bassin pendant cinq minutes  428ms
 ✓ src/ui/format.test.ts (3 tests) 65ms
 ✓ src/ui/foundation.test.ts (1 test) 23ms
 ✓ src/state/pondSelectors.test.ts (3 tests) 55ms
 ✓ src/ui/gauge.test.tsx (1 test) 19ms
 ✓ src/state/financeSelectors.test.ts (2 tests) 10ms
 ✓ src/state/preferences.test.ts (1 test) 18ms

 Test Files  9 passed (9)
      Tests  56 passed (56)
   Start at  17:42:52
   Duration  4.22s (transform 939ms, setup 0ms, collect 2.38s, tests 3.17s, environment 4ms, prepare 2.03s)

npm notice
npm notice New major version of npm available! 11.9.0 -> 12.2.0
npm notice Changelog: https://github.com/npm/cli/releases/tag/v12.2.0
npm notice To update run: npm install -g npm@12.2.0
npm notice
