
> les-etangs@3.0.0 test:e2e
> playwright test --reporter=list,json

[WebServer] (node:259314) Warning: The 'NO_COLOR' env is ignored due to the 'FORCE_COLOR' env being set.
[WebServer] (Use `node --trace-warnings ...` to show where the warning was created)
[WebServer] (node:259334) Warning: The 'NO_COLOR' env is ignored due to the 'FORCE_COLOR' env being set.
[WebServer] (Use `node --trace-warnings ...` to show where the warning was created)
[WebServer] 
[WebServer] (!) Some chunks are larger than 500 kB after minification. Consider:
[WebServer] - Using dynamic import() to code-split the application
[WebServer] - Use build.rollupOptions.output.manualChunks to improve chunking: https://rollupjs.org/configuration-options/#output-manualchunks
[WebServer] - Adjust chunk size limit for this warning via build.chunkSizeWarningLimit.
[WebServer] npm notice
[WebServer] npm notice New major version of npm available! 11.9.0 -> 12.2.0
[WebServer] npm notice Changelog: https://github.com/npm/cli/releases/tag/v12.2.0
[WebServer] npm notice To update run: npm install -g npm@12.2.0
[WebServer] npm notice
[WebServer] (node:259355) Warning: The 'NO_COLOR' env is ignored due to the 'FORCE_COLOR' env being set.
[WebServer] (Use `node --trace-warnings ...` to show where the warning was created)
[WebServer] (node:259368) Warning: The 'NO_COLOR' env is ignored due to the 'FORCE_COLOR' env being set.
[WebServer] (Use `node --trace-warnings ...` to show where the warning was created)

Running 76 tests using 1 worker

(node:259387) Warning: The 'NO_COLOR' env is ignored due to the 'FORCE_COLOR' env being set.
(Use `node --trace-warnings ...` to show where the warning was created)
  ✓   1 tests/english-cycle.spec.ts:6:1 › 5c : cycle guidé en anglais, du terrain vide au premier paiement (1.7m)
  ✓   2 tests/game.spec.ts:14:1 › 3D : ferme, bassin, bâtiments et identification des trois espèces (47.0s)
  ✓   3 tests/game.spec.ts:79:1 › import, export, mode expert et protection de sauvegarde corrompue (13.4s)
  ✓   4 tests/game.spec.ts:133:1 › migration automatique V1 conserve le fichier original (1.9s)
  ✓   5 tests/game.spec.ts:173:1 › horloge : vitesse ×8, fenêtre de gestion et pause (8.9s)
  ✓   6 tests/game.spec.ts:195:1 › sans WebGL : la carte et la gestion restent disponibles (5.7s)
  ✓   7 tests/game.spec.ts:264:1 › mobile et accessibilité des pages principales (17.4s)
  ✓   8 tests/game.spec.ts:332:1 › nouvelle partie guidée : terrain vide jusqu’au premier règlement, uniquement par les commandes du jeu (2.0m)
  ✓   9 tests/game.spec.ts:444:1 › migration V2 préserve la partie et propose explicitement le nouveau départ (3.7s)
  ✓  10 tests/gamepad-cycle.spec.ts:6:1 › 5b : du terrain vide au premier paiement, uniquement à la manette simulée en 1280×800 (3.0m)
  ✓  11 tests/keyboard-cycle.spec.ts:39:1 › 1a : du terrain vide au paiement, uniquement au clavier en 1280×800 (2.0m)
  ✓  12 tests/ui-lot0.spec.ts:16:3 › lot 0 : HUD, portraits, ration et clavier à 1920×1080 (8.2s)
  ✓  13 tests/ui-lot0.spec.ts:16:3 › lot 0 : HUD, portraits, ration et clavier à 1440×900 (5.7s)
  ✓  14 tests/ui-lot0.spec.ts:16:3 › lot 0 : HUD, portraits, ration et clavier à 1280×800 (5.0s)
  ✓  15 tests/ui-lot0.spec.ts:16:3 › lot 0 : HUD, portraits, ration et clavier à 1280×720 (5.3s)
  ✓  16 tests/ui-lot0.spec.ts:16:3 › lot 0 : HUD, portraits, ration et clavier à 390×844 (3.6s)
  ✓  17 tests/ui-lot0.spec.ts:133:1 › lot 0 : portable autonome, polices et portraits hors ligne, budget 15 Mo (38.1s)
  ✓  18 tests/ui-lot1a.spec.ts:46:3 › 1a : typographie des sept étapes et six vues en 1920×1080 (23.4s)
  ✓  19 tests/ui-lot1a.spec.ts:46:3 › 1a : typographie des sept étapes et six vues en 1440×900 (16.9s)
  ✓  20 tests/ui-lot1a.spec.ts:46:3 › 1a : typographie des sept étapes et six vues en 1280×800 (17.2s)
  ✓  21 tests/ui-lot1a.spec.ts:46:3 › 1a : typographie des sept étapes et six vues en 1280×720 (16.6s)
  ✓  22 tests/ui-lot1a.spec.ts:46:3 › 1a : typographie des sept étapes et six vues en 390×844 (9.1s)
  ✓  23 tests/ui-lot1a.spec.ts:79:3 › 1a : axe, fontes et libellés de carte à 1440×900 (19.9s)
  ✓  24 tests/ui-lot1a.spec.ts:79:3 › 1a : axe, fontes et libellés de carte à 390×844 (13.5s)
  ✓  25 tests/ui-lot1a.spec.ts:115:1 › 1a : focus du dialogue et explication de désactivation au clavier (6.1s)
  ✓  26 tests/ui-lot1a.spec.ts:140:1 › 1a : les fenêtres de gestion respectent le plancher de texte et axe (9.2s)
  ✓  27 tests/ui-lot1a.spec.ts:171:1 › 1a : la réduction de mouvement et le plancher typographique résistent à 80 % (4.7s)
  ✓  28 tests/ui-lot1a.spec.ts:181:1 › 1a : textes et superpositions des vues 3D sur PC et mobile (20.0s)
  ✓  29 tests/ui-lot1b.spec.ts:15:3 › 1b : monde persistant, sept états et six panneaux en 1920×1080 (2.1m)
  ✓  30 tests/ui-lot1b.spec.ts:15:3 › 1b : monde persistant, sept états et six panneaux en 1440×900 (1.5m)
  ✓  31 tests/ui-lot1b.spec.ts:15:3 › 1b : monde persistant, sept états et six panneaux en 1280×800 (1.3m)
  ✓  32 tests/ui-lot1b.spec.ts:61:1 › 1b : raccourcis, restauration du focus, urgence et guide du modèle (14.1s)
  ✓  33 tests/ui-lot1c.spec.ts:18:3 › 1c : échelle 80–150 %, onglets et composants à 1440×900 (34.3s)
  ✓  34 tests/ui-lot1c.spec.ts:18:3 › 1c : échelle 80–150 %, onglets et composants à 390×844 (18.5s)
  ✓  35 tests/ui-lot2a.spec.ts:10:1 › 2a : sélectionner et construire une parcelle dans le vrai monde 3D (38.4s)
  ✓  36 tests/ui-lot2a.spec.ts:91:3 › 2a : quatre mesures, onglets et action unique en 1440×900 (15.1s)
  ✓  37 tests/ui-lot2a.spec.ts:91:3 › 2a : quatre mesures, onglets et action unique en 390×844 (8.5s)
  ✓  38 tests/ui-lot2b.spec.ts:12:3 › 2b : chaîne, quatre onglets et graphique à 1440×900 (19.6s)
  ✓  39 tests/ui-lot2b.spec.ts:12:3 › 2b : chaîne, quatre onglets et graphique à 390×844 (16.9s)
  ✓  40 tests/ui-lot2b.spec.ts:132:1 › 2b : récolte, transport et paiement restent des actions distinctes (4.5s)
  ✓  41 tests/ui-lot2c.spec.ts:12:3 › 2c : journal, encyclopédie et progression à 1440×900 (14.8s)
  ✓  42 tests/ui-lot2c.spec.ts:12:3 › 2c : journal, encyclopédie et progression à 390×844 (10.9s)
  ✓  43 tests/ui-lot2c.spec.ts:156:1 › 2c : TAN, débit et conversion expliqués au clavier dans leur contexte (5.1s)
  ✓  44 tests/ui-lot3a.spec.ts:10:3 › 3a : audio, cinq volumes, geste, visibilité et retours à 1440×900 (17.6s)
  ✓  45 tests/ui-lot3a.spec.ts:10:3 › 3a : audio, cinq volumes, geste, visibilité et retours à 390×844 (14.0s)
  ✓  46 tests/ui-lot3b.spec.ts:13:3 › 3b : horloge, événements et interruption à 1440×900 (48.0s)
  ✓  47 tests/ui-lot3b.spec.ts:13:3 › 3b : horloge, événements et interruption à 390×844 (50.0s)
  ✓  48 tests/ui-lot3c.spec.ts:22:3 › 3c : bilan exact, prévision, registre migré à 1440×900 (27.2s)
  ✓  49 tests/ui-lot3c.spec.ts:22:3 › 3c : bilan exact, prévision, registre migré à 390×844 (12.2s)
  ✓  50 tests/ui-lot3c.spec.ts:201:1 › 3c : première récolte célébrée puis bilan provisoire sans encaissement fictif (6.5s)
  ✓  51 tests/ui-lot4a.spec.ts:9:1 › 4a : travaux incrémentaux, bâtiments réels et scène persistante (1.1m)
  ✓  52 tests/ui-lot4b.spec.ts:8:1 › 4b : camions et nourrissage suivent les transitions réelles, import sans rejeu (33.4s)
  ✓  53 tests/ui-lot4b.spec.ts:73:1 › 4b : quatre saisons réelles, éclairage au repos et réduit, aucune glace sur eau positive (45.4s)
  ✓  54 tests/ui-lot4c.spec.ts:10:1 › 4c : étiquettes sans recouvrement, sélection du monde et rotation au clavier (1.0m)
  ✓  55 tests/ui-lot4c.spec.ts:159:1 › 4c : quatre qualités persistantes sans reconstruire le terrain, étiquettes masquables (1.6m)
  ✓  56 tests/ui-lot4c.spec.ts:238:1 › 4c : notification de livraison reliée au véhicule et à son panneau réel (36.3s)
  ✓  57 tests/ui-lot4c.spec.ts:282:1 › 4c : perte du contexte, libération et reprise de la 3D sans perdre la partie (1.4m)
  ✓  58 tests/ui-lot5a.spec.ts:10:3 › 5a : titre, menus, trois emplacements et clavier à 1440×900 (35.6s)
  ✓  59 tests/ui-lot5a.spec.ts:10:3 › 5a : titre, menus, trois emplacements et clavier à 390×844 (21.1s)
  ✓  60 tests/ui-lot5a.spec.ts:129:1 › 5a : vignette réelle, durée et nettoyage à chaque retour au titre (1.2m)
  ✓  61 tests/ui-lot5a.spec.ts:218:1 › 5a : erreur de stockage à la sortie conserve la session et offre un export (10.7s)
  ✓  62 tests/ui-lot5b.spec.ts:14:3 › 5b : paramètres, raccourcis, motifs et préférences à 1440×900 (34.7s)
  ✓  63 tests/ui-lot5b.spec.ts:14:3 › 5b : paramètres, raccourcis, motifs et préférences à 390×844 (19.4s)
  ✓  64 tests/ui-lot5b.spec.ts:139:1 › 5b : la pause courante peut être désactivée, une avance explicite reste interrompue (9.1s)
  ✓  65 tests/ui-lot5b.spec.ts:192:1 › 5b : manette, onglets, valeurs natives, régions et commandes caméra (24.1s)
  ✓  66 tests/ui-lot5b.spec.ts:281:1 › 5b : sensibilité et raccourci réassigné déplacent la vraie caméra, sans remontage (54.1s)
  ✓  67 tests/ui-lot5c.spec.ts:26:3 › 5c : anglais complet, préférences et sept états à 1440×900 (4.0m)
  ✓  68 tests/ui-lot5c.spec.ts:26:3 › 5c : anglais complet, préférences et sept états à 390×844 (3.2m)
  ✓  69 tests/ui-lot5c.spec.ts:183:1 › 5c : changer de langue conserve le vrai canvas, la caméra et les données (45.1s)
  ✓  70 tests/ui-lot5d.spec.ts:28:3 › 5d : tutoriel réel passable et rejouable, fr à 1440×900 (55.0s)
  ✓  71 tests/ui-lot5d.spec.ts:28:3 › 5d : tutoriel réel passable et rejouable, en à 390×844 (34.8s)
  ✓  72 tests/ui-lot5d.spec.ts:210:1 › 5d : survol passable, repère source réel et caméra conservée (42.0s)
  ✓  73 tests/ui-lot5d.spec.ts:260:1 › 5d : portable hors ligne, polices et partie persistée ; diagnostic file:// (1.7m)
  ✓  74 tests/ui-lot5d.spec.ts:356:3 › 5d : réception fr aux cinq tailles, succès et Guide (59.8s)
  ✓  75 tests/ui-lot5d.spec.ts:356:3 › 5d : réception en aux cinq tailles, succès et Guide (50.6s)
  ✓  76 tests/ui-lot5d.spec.ts:438:1 › 5d : survol animé de trois secondes et récompenses purement visuelles (1.0m)

  Slow test file: tests/ui-lot5c.spec.ts (7.9m)
  Slow test file: tests/ui-lot5d.spec.ts (6.7m)
  Slow test file: tests/ui-lot1b.spec.ts (5.1m)
  Consider running tests from slow files in parallel. See: https://playwright.dev/docs/test-parallel
  76 passed (51.9m)
npm notice
npm notice New major version of npm available! 11.9.0 -> 12.2.0
npm notice Changelog: https://github.com/npm/cli/releases/tag/v12.2.0
npm notice To update run: npm install -g npm@12.2.0
npm notice
