
> les-etangs@3.0.0 test:e2e
> playwright test --reporter=list,json

[WebServer] (node:142513) Warning: The 'NO_COLOR' env is ignored due to the 'FORCE_COLOR' env being set.
[WebServer] (Use `node --trace-warnings ...` to show where the warning was created)
[WebServer] (node:142533) Warning: The 'NO_COLOR' env is ignored due to the 'FORCE_COLOR' env being set.
[WebServer] (Use `node --trace-warnings ...` to show where the warning was created)
[WebServer] 
[WebServer] (!) Some chunks are larger than 500 kB after minification. Consider:
[WebServer] - Using dynamic import() to code-split the application
[WebServer] - Use build.rollupOptions.output.manualChunks to improve chunking: https://rollupjs.org/configuration-options/#output-manualchunks
[WebServer] - Adjust chunk size limit for this warning via build.chunkSizeWarningLimit.
[WebServer] npm notice
[WebServer] npm notice New major version of npm available! 11.9.0 -> 12.2.0
[WebServer] npm notice Changelog: https://github.com/npm/cli/releases/tag/v12.2.0
[WebServer] npm notice To update run: npm install -g npm@12.2.0
[WebServer] npm notice
[WebServer] (node:142554) Warning: The 'NO_COLOR' env is ignored due to the 'FORCE_COLOR' env being set.
[WebServer] (Use `node --trace-warnings ...` to show where the warning was created)
[WebServer] (node:142567) Warning: The 'NO_COLOR' env is ignored due to the 'FORCE_COLOR' env being set.
[WebServer] (Use `node --trace-warnings ...` to show where the warning was created)

Running 45 tests using 1 worker

(node:142586) Warning: The 'NO_COLOR' env is ignored due to the 'FORCE_COLOR' env being set.
(Use `node --trace-warnings ...` to show where the warning was created)
  ✓   1 tests/game.spec.ts:12:1 › 3D : ferme, bassin, bâtiments et identification des trois espèces (56.2s)
  ✓   2 tests/game.spec.ts:76:1 › import, export, mode expert et protection de sauvegarde corrompue (10.9s)
  ✓   3 tests/game.spec.ts:130:1 › migration automatique V1 conserve le fichier original (2.8s)
  ✓   4 tests/game.spec.ts:169:1 › horloge : vitesse ×8, fenêtre de gestion et pause (5.0s)
  ✓   5 tests/game.spec.ts:190:1 › sans WebGL : la carte et la gestion restent disponibles (8.2s)
  ✓   6 tests/game.spec.ts:258:1 › mobile et accessibilité des pages principales (15.1s)
  ✓   7 tests/game.spec.ts:325:1 › nouvelle partie guidée : terrain vide jusqu’au premier règlement, uniquement par les commandes du jeu (1.9m)
  ✓   8 tests/game.spec.ts:431:1 › migration V2 préserve la partie et propose explicitement le nouveau départ (5.0s)
  ✓   9 tests/keyboard-cycle.spec.ts:37:1 › 1a : du terrain vide au paiement, uniquement au clavier en 1280×800 (1.7m)
  ✓  10 tests/ui-lot0.spec.ts:15:3 › lot 0 : HUD, portraits, ration et clavier à 1920×1080 (7.3s)
  ✓  11 tests/ui-lot0.spec.ts:15:3 › lot 0 : HUD, portraits, ration et clavier à 1440×900 (8.1s)
  ✓  12 tests/ui-lot0.spec.ts:15:3 › lot 0 : HUD, portraits, ration et clavier à 1280×800 (5.8s)
  ✓  13 tests/ui-lot0.spec.ts:15:3 › lot 0 : HUD, portraits, ration et clavier à 1280×720 (5.6s)
  ✓  14 tests/ui-lot0.spec.ts:15:3 › lot 0 : HUD, portraits, ration et clavier à 390×844 (4.4s)
  ✓  15 tests/ui-lot0.spec.ts:131:1 › lot 0 : portable autonome, polices et portraits hors ligne, budget 15 Mo (21.4s)
  ✓  16 tests/ui-lot1a.spec.ts:43:3 › 1a : typographie des sept étapes et six vues en 1920×1080 (16.8s)
  ✓  17 tests/ui-lot1a.spec.ts:43:3 › 1a : typographie des sept étapes et six vues en 1440×900 (13.4s)
  ✓  18 tests/ui-lot1a.spec.ts:43:3 › 1a : typographie des sept étapes et six vues en 1280×800 (11.1s)
  ✓  19 tests/ui-lot1a.spec.ts:43:3 › 1a : typographie des sept étapes et six vues en 1280×720 (11.9s)
  ✓  20 tests/ui-lot1a.spec.ts:43:3 › 1a : typographie des sept étapes et six vues en 390×844 (7.2s)
  ✓  21 tests/ui-lot1a.spec.ts:76:3 › 1a : axe, fontes et libellés de carte à 1440×900 (12.9s)
  ✓  22 tests/ui-lot1a.spec.ts:76:3 › 1a : axe, fontes et libellés de carte à 390×844 (10.3s)
  ✓  23 tests/ui-lot1a.spec.ts:112:1 › 1a : focus du dialogue et explication de désactivation au clavier (3.2s)
  ✓  24 tests/ui-lot1a.spec.ts:137:1 › 1a : les fenêtres de gestion respectent le plancher de texte et axe (7.7s)
  ✓  25 tests/ui-lot1a.spec.ts:168:1 › 1a : la réduction de mouvement et le plancher typographique résistent à 80 % (2.0s)
  ✓  26 tests/ui-lot1a.spec.ts:178:1 › 1a : textes et superpositions des vues 3D sur PC et mobile (24.5s)
  ✓  27 tests/ui-lot1b.spec.ts:14:3 › 1b : monde persistant, sept états et six panneaux en 1920×1080 (1.4m)
  ✓  28 tests/ui-lot1b.spec.ts:14:3 › 1b : monde persistant, sept états et six panneaux en 1440×900 (1.1m)
  ✓  29 tests/ui-lot1b.spec.ts:14:3 › 1b : monde persistant, sept états et six panneaux en 1280×800 (1.1m)
  ✓  30 tests/ui-lot1b.spec.ts:59:1 › 1b : raccourcis, restauration du focus, urgence et guide du modèle (12.1s)
  ✓  31 tests/ui-lot1c.spec.ts:17:3 › 1c : échelle 80–150 %, onglets et composants à 1440×900 (35.4s)
  ✓  32 tests/ui-lot1c.spec.ts:17:3 › 1c : échelle 80–150 %, onglets et composants à 390×844 (18.3s)
  ✓  33 tests/ui-lot2a.spec.ts:8:1 › 2a : sélectionner et construire une parcelle dans le vrai monde 3D (42.1s)
  ✓  34 tests/ui-lot2a.spec.ts:80:3 › 2a : quatre mesures, onglets et action unique en 1440×900 (11.8s)
  ✓  35 tests/ui-lot2a.spec.ts:80:3 › 2a : quatre mesures, onglets et action unique en 390×844 (9.9s)
  ✓  36 tests/ui-lot2b.spec.ts:10:3 › 2b : chaîne, quatre onglets et graphique à 1440×900 (22.0s)
  ✓  37 tests/ui-lot2b.spec.ts:10:3 › 2b : chaîne, quatre onglets et graphique à 390×844 (15.8s)
  ✓  38 tests/ui-lot2b.spec.ts:129:1 › 2b : récolte, transport et paiement restent des actions distinctes (4.5s)
  ✓  39 tests/ui-lot2c.spec.ts:10:3 › 2c : journal, encyclopédie et progression à 1440×900 (14.1s)
  ✓  40 tests/ui-lot2c.spec.ts:10:3 › 2c : journal, encyclopédie et progression à 390×844 (11.8s)
  ✓  41 tests/ui-lot2c.spec.ts:153:1 › 2c : TAN, débit et conversion expliqués au clavier dans leur contexte (4.2s)
  ✓  42 tests/ui-lot3a.spec.ts:9:3 › 3a : audio, cinq volumes, geste, visibilité et retours à 1440×900 (12.7s)
  ✓  43 tests/ui-lot3a.spec.ts:9:3 › 3a : audio, cinq volumes, geste, visibilité et retours à 390×844 (7.2s)
  ✓  44 tests/ui-lot3b.spec.ts:17:3 › 3b : horloge, événements et interruption à 1440×900 (25.7s)
  ✓  45 tests/ui-lot3b.spec.ts:17:3 › 3b : horloge, événements et interruption à 390×844 (10.8s)

  45 passed (16.4m)
npm notice
npm notice New major version of npm available! 11.9.0 -> 12.2.0
npm notice Changelog: https://github.com/npm/cli/releases/tag/v12.2.0
npm notice To update run: npm install -g npm@12.2.0
npm notice
