
> les-etangs@3.0.0 test
> vitest run


 RUN  v3.2.7 /workspace/projet-pisciculture

 ✓ src/development.test.ts (14 tests) 384ms
 ✓ src/swimming.test.ts (4 tests) 474ms
 ✓ src/state/feedback.test.ts (2 tests) 30ms
 ✓ src/state/gameEvents.test.ts (5 tests) 41ms
 ✓ src/game.test.ts (27 tests) 966ms
   ✓ persistance et stabilité > reste déterministe, finie et rechargeable après deux ans  505ms
 ✓ src/state/pondSelectors.test.ts (3 tests) 28ms
 ✓ src/ui/format.test.ts (3 tests) 36ms
 ✓ src/state/financeSelectors.test.ts (2 tests) 5ms
 ✓ src/state/journalSelectors.test.ts (1 test) 44ms
 ✓ src/ui/foundation.test.ts (1 test) 7ms
 ✓ src/state/operatingGoals.test.ts (2 tests) 10ms
 ✓ src/ui/gauge.test.tsx (1 test) 27ms
 ✓ src/state/preferences.test.ts (1 test) 5ms
 ✓ src/audio/mixer.test.ts (1 test) 3ms

 Test Files  14 passed (14)
      Tests  67 passed (67)
   Start at  20:51:15
   Duration  2.74s (transform 730ms, setup 0ms, collect 1.54s, tests 2.06s, environment 3ms, prepare 1.26s)

npm notice
npm notice New major version of npm available! 11.9.0 -> 12.2.0
npm notice Changelog: https://github.com/npm/cli/releases/tag/v12.2.0
npm notice To update run: npm install -g npm@12.2.0
npm notice
