
> les-etangs@3.0.0 test:e2e
> playwright test --reporter=list,json

[WebServer] (node:76563) Warning: The 'NO_COLOR' env is ignored due to the 'FORCE_COLOR' env being set.
[WebServer] (Use `node --trace-warnings ...` to show where the warning was created)
[WebServer] (node:76583) Warning: The 'NO_COLOR' env is ignored due to the 'FORCE_COLOR' env being set.
[WebServer] (Use `node --trace-warnings ...` to show where the warning was created)
[WebServer] 
[WebServer] (!) Some chunks are larger than 500 kB after minification. Consider:
[WebServer] - Using dynamic import() to code-split the application
[WebServer] - Use build.rollupOptions.output.manualChunks to improve chunking: https://rollupjs.org/configuration-options/#output-manualchunks
[WebServer] - Adjust chunk size limit for this warning via build.chunkSizeWarningLimit.
[WebServer] npm notice
[WebServer] npm notice New major version of npm available! 11.9.0 -> 12.2.0
[WebServer] npm notice Changelog: https://github.com/npm/cli/releases/tag/v12.2.0
[WebServer] npm notice To update run: npm install -g npm@12.2.0
[WebServer] npm notice
[WebServer] (node:76604) Warning: The 'NO_COLOR' env is ignored due to the 'FORCE_COLOR' env being set.
[WebServer] (Use `node --trace-warnings ...` to show where the warning was created)
[WebServer] (node:76617) Warning: The 'NO_COLOR' env is ignored due to the 'FORCE_COLOR' env being set.
[WebServer] (Use `node --trace-warnings ...` to show where the warning was created)

Running 32 tests using 1 worker

(node:76635) Warning: The 'NO_COLOR' env is ignored due to the 'FORCE_COLOR' env being set.
(Use `node --trace-warnings ...` to show where the warning was created)
  ✓   1 tests/game.spec.ts:12:1 › 3D : ferme, bassin, bâtiments et identification des trois espèces (41.3s)
  ✓   2 tests/game.spec.ts:67:1 › import, export, mode expert et protection de sauvegarde corrompue (6.8s)
  ✓   3 tests/game.spec.ts:121:1 › migration automatique V1 conserve le fichier original (1.1s)
  ✓   4 tests/game.spec.ts:160:1 › horloge : vitesse ×60, fenêtre de gestion et pause (2.6s)
  ✓   5 tests/game.spec.ts:190:1 › sans WebGL : la carte et la gestion restent disponibles (4.4s)
  ✓   6 tests/game.spec.ts:243:1 › mobile et accessibilité des pages principales (13.9s)
  ✓   7 tests/game.spec.ts:308:1 › nouvelle partie guidée : terrain vide jusqu’au premier règlement, uniquement par les commandes du jeu (20.6s)
  ✓   8 tests/game.spec.ts:406:1 › migration V2 préserve la partie et propose explicitement le nouveau départ (1.6s)
  ✓   9 tests/keyboard-cycle.spec.ts:26:1 › 1a : du terrain vide au paiement, uniquement au clavier en 1280×800 (34.7s)
  ✓  10 tests/ui-lot0.spec.ts:9:3 › lot 0 : HUD, portraits, ration et clavier à 1920×1080 (6.4s)
  ✓  11 tests/ui-lot0.spec.ts:9:3 › lot 0 : HUD, portraits, ration et clavier à 1440×900 (4.5s)
  ✓  12 tests/ui-lot0.spec.ts:9:3 › lot 0 : HUD, portraits, ration et clavier à 1280×800 (4.1s)
  ✓  13 tests/ui-lot0.spec.ts:9:3 › lot 0 : HUD, portraits, ration et clavier à 1280×720 (4.5s)
  ✓  14 tests/ui-lot0.spec.ts:9:3 › lot 0 : HUD, portraits, ration et clavier à 390×844 (3.1s)
  ✓  15 tests/ui-lot0.spec.ts:60:1 › lot 0 : portable autonome, polices et portraits hors ligne, budget 15 Mo (26.3s)
  ✓  16 tests/ui-lot1a.spec.ts:43:3 › 1a : typographie des sept étapes et six vues en 1920×1080 (31.7s)
  ✓  17 tests/ui-lot1a.spec.ts:43:3 › 1a : typographie des sept étapes et six vues en 1440×900 (17.3s)
  ✓  18 tests/ui-lot1a.spec.ts:43:3 › 1a : typographie des sept étapes et six vues en 1280×800 (16.9s)
  ✓  19 tests/ui-lot1a.spec.ts:43:3 › 1a : typographie des sept étapes et six vues en 1280×720 (14.9s)
  ✓  20 tests/ui-lot1a.spec.ts:43:3 › 1a : typographie des sept étapes et six vues en 390×844 (8.0s)
  ✓  21 tests/ui-lot1a.spec.ts:76:3 › 1a : axe, fontes et libellés de carte à 1440×900 (11.3s)
  ✓  22 tests/ui-lot1a.spec.ts:76:3 › 1a : axe, fontes et libellés de carte à 390×844 (12.2s)
  ✓  23 tests/ui-lot1a.spec.ts:112:1 › 1a : focus du dialogue et explication de désactivation au clavier (5.4s)
  ✓  24 tests/ui-lot1a.spec.ts:136:1 › 1a : les fenêtres de gestion respectent le plancher de texte et axe (11.2s)
  ✓  25 tests/ui-lot1a.spec.ts:161:1 › 1a : la réduction de mouvement et le plancher typographique résistent à 80 % (3.7s)
  ✓  26 tests/ui-lot1a.spec.ts:171:1 › 1a : textes et superpositions des vues 3D sur PC et mobile (24.9s)
  ✓  27 tests/ui-lot1b.spec.ts:14:3 › 1b : monde persistant, sept états et six panneaux en 1920×1080 (1.4m)
  ✓  28 tests/ui-lot1b.spec.ts:14:3 › 1b : monde persistant, sept états et six panneaux en 1440×900 (1.1m)
  ✓  29 tests/ui-lot1b.spec.ts:14:3 › 1b : monde persistant, sept états et six panneaux en 1280×800 (59.7s)
  ✓  30 tests/ui-lot1b.spec.ts:59:1 › 1b : raccourcis, restauration du focus, urgence et guide du modèle (8.6s)
  ✓  31 tests/ui-lot1c.spec.ts:17:3 › 1c : échelle 80–150 %, onglets et composants à 1440×900 (37.3s)
  ✓  32 tests/ui-lot1c.spec.ts:17:3 › 1c : échelle 80–150 %, onglets et composants à 390×844 (21.0s)

  32 passed (10.4m)
npm notice
npm notice New major version of npm available! 11.9.0 -> 12.2.0
npm notice Changelog: https://github.com/npm/cli/releases/tag/v12.2.0
npm notice To update run: npm install -g npm@12.2.0
npm notice
