
> les-etangs@3.0.0 test
> vitest run


 RUN  v3.2.7 /workspace/projet-pisciculture

 ✓ src/development.test.ts (14 tests) 587ms
   ✓ parcourt une nouvelle exploitation jusqu’au paiement, avec croissance de plusieurs mois et réapprovisionnements  312ms
 ✓ src/swimming.test.ts (4 tests) 1000ms
   ✓ trout nage sans téléportation ni sortie du bassin pendant cinq minutes  488ms
 ✓ src/ui/format.test.ts (3 tests) 75ms
 ✓ src/ui/foundation.test.ts (1 test) 22ms
 ✓ src/game.test.ts (27 tests) 1628ms
   ✓ lots et alimentation > fait grandir les carpes sur deux saisons avec hivernage  394ms
   ✓ persistance et stabilité > reste déterministe, finie et rechargeable après deux ans  835ms
 ✓ src/state/preferences.test.ts (1 test) 4ms

 Test Files  6 passed (6)
      Tests  50 passed (50)
   Start at  16:28:00
   Duration  2.89s (transform 752ms, setup 0ms, collect 1.42s, tests 3.32s, environment 2ms, prepare 953ms)

npm notice
npm notice New major version of npm available! 11.9.0 -> 12.2.0
npm notice Changelog: https://github.com/npm/cli/releases/tag/v12.2.0
npm notice To update run: npm install -g npm@12.2.0
npm notice
