
> les-etangs@3.0.0 test:e2e
> playwright test --reporter=list,json

[WebServer] (node:207458) Warning: The 'NO_COLOR' env is ignored due to the 'FORCE_COLOR' env being set.
[WebServer] (Use `node --trace-warnings ...` to show where the warning was created)
[WebServer] (node:207478) Warning: The 'NO_COLOR' env is ignored due to the 'FORCE_COLOR' env being set.
[WebServer] (Use `node --trace-warnings ...` to show where the warning was created)
[WebServer] 
[WebServer] (!) Some chunks are larger than 500 kB after minification. Consider:
[WebServer] - Using dynamic import() to code-split the application
[WebServer] - Use build.rollupOptions.output.manualChunks to improve chunking: https://rollupjs.org/configuration-options/#output-manualchunks
[WebServer] - Adjust chunk size limit for this warning via build.chunkSizeWarningLimit.
[WebServer] npm notice
[WebServer] npm notice New major version of npm available! 11.9.0 -> 12.2.0
[WebServer] npm notice Changelog: https://github.com/npm/cli/releases/tag/v12.2.0
[WebServer] npm notice To update run: npm install -g npm@12.2.0
[WebServer] npm notice
[WebServer] (node:207499) Warning: The 'NO_COLOR' env is ignored due to the 'FORCE_COLOR' env being set.
[WebServer] (Use `node --trace-warnings ...` to show where the warning was created)
[WebServer] (node:207512) Warning: The 'NO_COLOR' env is ignored due to the 'FORCE_COLOR' env being set.
[WebServer] (Use `node --trace-warnings ...` to show where the warning was created)

Running 65 tests using 1 worker

(node:207530) Warning: The 'NO_COLOR' env is ignored due to the 'FORCE_COLOR' env being set.
(Use `node --trace-warnings ...` to show where the warning was created)
  ✓   1 tests/game.spec.ts:14:1 › 3D : ferme, bassin, bâtiments et identification des trois espèces (37.7s)
  ✓   2 tests/game.spec.ts:79:1 › import, export, mode expert et protection de sauvegarde corrompue (10.1s)
  ✓   3 tests/game.spec.ts:133:1 › migration automatique V1 conserve le fichier original (2.2s)
  ✓   4 tests/game.spec.ts:173:1 › horloge : vitesse ×8, fenêtre de gestion et pause (7.0s)
  ✓   5 tests/game.spec.ts:195:1 › sans WebGL : la carte et la gestion restent disponibles (4.2s)
  ✓   6 tests/game.spec.ts:264:1 › mobile et accessibilité des pages principales (12.5s)
  ✓   7 tests/game.spec.ts:332:1 › nouvelle partie guidée : terrain vide jusqu’au premier règlement, uniquement par les commandes du jeu (1.7m)
  ✓   8 tests/game.spec.ts:443:1 › migration V2 préserve la partie et propose explicitement le nouveau départ (3.0s)
  ✓   9 tests/gamepad-cycle.spec.ts:6:1 › 5b : du terrain vide au premier paiement, uniquement à la manette simulée en 1280×800 (2.2m)
  ✓  10 tests/keyboard-cycle.spec.ts:39:1 › 1a : du terrain vide au paiement, uniquement au clavier en 1280×800 (1.6m)
  ✓  11 tests/ui-lot0.spec.ts:16:3 › lot 0 : HUD, portraits, ration et clavier à 1920×1080 (6.0s)
  ✓  12 tests/ui-lot0.spec.ts:16:3 › lot 0 : HUD, portraits, ration et clavier à 1440×900 (4.3s)
  ✓  13 tests/ui-lot0.spec.ts:16:3 › lot 0 : HUD, portraits, ration et clavier à 1280×800 (4.2s)
  ✓  14 tests/ui-lot0.spec.ts:16:3 › lot 0 : HUD, portraits, ration et clavier à 1280×720 (4.0s)
  ✓  15 tests/ui-lot0.spec.ts:16:3 › lot 0 : HUD, portraits, ration et clavier à 390×844 (3.1s)
  ✓  16 tests/ui-lot0.spec.ts:133:1 › lot 0 : portable autonome, polices et portraits hors ligne, budget 15 Mo (23.3s)
  ✓  17 tests/ui-lot1a.spec.ts:46:3 › 1a : typographie des sept étapes et six vues en 1920×1080 (14.7s)
  ✓  18 tests/ui-lot1a.spec.ts:46:3 › 1a : typographie des sept étapes et six vues en 1440×900 (10.7s)
  ✓  19 tests/ui-lot1a.spec.ts:46:3 › 1a : typographie des sept étapes et six vues en 1280×800 (9.9s)
  ✓  20 tests/ui-lot1a.spec.ts:46:3 › 1a : typographie des sept étapes et six vues en 1280×720 (13.0s)
  ✓  21 tests/ui-lot1a.spec.ts:46:3 › 1a : typographie des sept étapes et six vues en 390×844 (6.5s)
  ✓  22 tests/ui-lot1a.spec.ts:79:3 › 1a : axe, fontes et libellés de carte à 1440×900 (13.7s)
  ✓  23 tests/ui-lot1a.spec.ts:79:3 › 1a : axe, fontes et libellés de carte à 390×844 (9.1s)
  ✓  24 tests/ui-lot1a.spec.ts:115:1 › 1a : focus du dialogue et explication de désactivation au clavier (3.4s)
  ✓  25 tests/ui-lot1a.spec.ts:140:1 › 1a : les fenêtres de gestion respectent le plancher de texte et axe (7.6s)
  ✓  26 tests/ui-lot1a.spec.ts:171:1 › 1a : la réduction de mouvement et le plancher typographique résistent à 80 % (4.2s)
  ✓  27 tests/ui-lot1a.spec.ts:181:1 › 1a : textes et superpositions des vues 3D sur PC et mobile (14.5s)
  ✓  28 tests/ui-lot1b.spec.ts:15:3 › 1b : monde persistant, sept états et six panneaux en 1920×1080 (1.3m)
  ✓  29 tests/ui-lot1b.spec.ts:15:3 › 1b : monde persistant, sept états et six panneaux en 1440×900 (1.0m)
  ✓  30 tests/ui-lot1b.spec.ts:15:3 › 1b : monde persistant, sept états et six panneaux en 1280×800 (52.0s)
  ✓  31 tests/ui-lot1b.spec.ts:61:1 › 1b : raccourcis, restauration du focus, urgence et guide du modèle (7.5s)
  ✓  32 tests/ui-lot1c.spec.ts:18:3 › 1c : échelle 80–150 %, onglets et composants à 1440×900 (30.7s)
  ✓  33 tests/ui-lot1c.spec.ts:18:3 › 1c : échelle 80–150 %, onglets et composants à 390×844 (16.6s)
  ✓  34 tests/ui-lot2a.spec.ts:10:1 › 2a : sélectionner et construire une parcelle dans le vrai monde 3D (30.3s)
  ✓  35 tests/ui-lot2a.spec.ts:83:3 › 2a : quatre mesures, onglets et action unique en 1440×900 (12.5s)
  ✓  36 tests/ui-lot2a.spec.ts:83:3 › 2a : quatre mesures, onglets et action unique en 390×844 (9.9s)
  ✓  37 tests/ui-lot2b.spec.ts:12:3 › 2b : chaîne, quatre onglets et graphique à 1440×900 (16.4s)
  ✓  38 tests/ui-lot2b.spec.ts:12:3 › 2b : chaîne, quatre onglets et graphique à 390×844 (14.4s)
  ✓  39 tests/ui-lot2b.spec.ts:132:1 › 2b : récolte, transport et paiement restent des actions distinctes (4.3s)
  ✓  40 tests/ui-lot2c.spec.ts:12:3 › 2c : journal, encyclopédie et progression à 1440×900 (11.4s)
  ✓  41 tests/ui-lot2c.spec.ts:12:3 › 2c : journal, encyclopédie et progression à 390×844 (8.4s)
  ✓  42 tests/ui-lot2c.spec.ts:156:1 › 2c : TAN, débit et conversion expliqués au clavier dans leur contexte (4.3s)
  ✓  43 tests/ui-lot3a.spec.ts:10:3 › 3a : audio, cinq volumes, geste, visibilité et retours à 1440×900 (13.8s)
  ✓  44 tests/ui-lot3a.spec.ts:10:3 › 3a : audio, cinq volumes, geste, visibilité et retours à 390×844 (8.0s)
  ✓  45 tests/ui-lot3b.spec.ts:13:3 › 3b : horloge, événements et interruption à 1440×900 (25.5s)
  ✓  46 tests/ui-lot3b.spec.ts:13:3 › 3b : horloge, événements et interruption à 390×844 (9.8s)
  ✓  47 tests/ui-lot3c.spec.ts:22:3 › 3c : bilan exact, prévision, registre migré à 1440×900 (16.2s)
  ✓  48 tests/ui-lot3c.spec.ts:22:3 › 3c : bilan exact, prévision, registre migré à 390×844 (9.0s)
  ✓  49 tests/ui-lot3c.spec.ts:201:1 › 3c : première récolte célébrée puis bilan provisoire sans encaissement fictif (5.4s)
  ✓  50 tests/ui-lot4a.spec.ts:9:1 › 4a : travaux incrémentaux, bâtiments réels et scène persistante (18.0s)
  ✓  51 tests/ui-lot4b.spec.ts:8:1 › 4b : camions et nourrissage suivent les transitions réelles, import sans rejeu (24.7s)
  ✓  52 tests/ui-lot4b.spec.ts:73:1 › 4b : quatre saisons réelles, éclairage au repos et réduit, aucune glace sur eau positive (41.8s)
  ✓  53 tests/ui-lot4c.spec.ts:10:1 › 4c : étiquettes sans recouvrement, sélection du monde et rotation au clavier (44.4s)
  ✓  54 tests/ui-lot4c.spec.ts:159:1 › 4c : quatre qualités persistantes sans reconstruire le terrain, étiquettes masquables (1.3m)
  ✓  55 tests/ui-lot4c.spec.ts:238:1 › 4c : notification de livraison reliée au véhicule et à son panneau réel (24.6s)
  ✓  56 tests/ui-lot4c.spec.ts:282:1 › 4c : perte du contexte, libération et reprise de la 3D sans perdre la partie (46.6s)
  ✓  57 tests/ui-lot5a.spec.ts:10:3 › 5a : titre, menus, trois emplacements et clavier à 1440×900 (22.1s)
  ✓  58 tests/ui-lot5a.spec.ts:10:3 › 5a : titre, menus, trois emplacements et clavier à 390×844 (13.4s)
  ✓  59 tests/ui-lot5a.spec.ts:129:1 › 5a : vignette réelle, durée et nettoyage à chaque retour au titre (46.0s)
  ✓  60 tests/ui-lot5a.spec.ts:218:1 › 5a : erreur de stockage à la sortie conserve la session et offre un export (6.6s)
  ✓  61 tests/ui-lot5b.spec.ts:14:3 › 5b : paramètres, raccourcis, motifs et préférences à 1440×900 (26.9s)
  ✓  62 tests/ui-lot5b.spec.ts:14:3 › 5b : paramètres, raccourcis, motifs et préférences à 390×844 (12.4s)
  ✓  63 tests/ui-lot5b.spec.ts:139:1 › 5b : la pause courante peut être désactivée, une avance explicite reste interrompue (6.5s)
  ✓  64 tests/ui-lot5b.spec.ts:192:1 › 5b : manette, onglets, valeurs natives, régions et commandes caméra (13.4s)
  ✓  65 tests/ui-lot5b.spec.ts:279:1 › 5b : sensibilité et raccourci réassigné déplacent la vraie caméra, sans remontage (28.1s)

  65 passed (24.6m)
npm notice
npm notice New major version of npm available! 11.9.0 -> 12.2.0
npm notice Changelog: https://github.com/npm/cli/releases/tag/v12.2.0
npm notice To update run: npm install -g npm@12.2.0
npm notice
