
> les-etangs@3.0.0 test
> vitest run


 RUN  v3.2.7 /workspace/projet-pisciculture

 ✓ src/swimming.test.ts (4 tests) 482ms
 ✓ src/game.test.ts (27 tests) 591ms
   ✓ persistance et stabilité > reste déterministe, finie et rechargeable après deux ans  347ms
 ✓ src/controls/controls.test.ts (5 tests) 53ms
 ✓ src/state/gameEvents.test.ts (5 tests) 46ms
 ✓ src/development.test.ts (14 tests) 323ms
 ✓ src/state/ledger.test.ts (8 tests) 1308ms
   ✓ réconcilie tous les centimes du terrain vide au règlement et recharge le registre à chaque étape  329ms
   ✓ observe deux cycles successifs sans attribuer les investissements initiaux au second  699ms
 ✓ src/world/lifeSelectors.test.ts (3 tests) 35ms
 ✓ src/state/pondSelectors.test.ts (3 tests) 32ms
 ✓ src/state/feedback.test.ts (2 tests) 32ms
 ✓ src/ui/format.test.ts (3 tests) 36ms
 ✓ src/world/artSelectors.test.ts (2 tests) 24ms
 ✓ src/state/journalSelectors.test.ts (1 test) 37ms
 ✓ src/state/saves.test.ts (4 tests) 24ms
 ✓ src/ui/foundation.test.ts (1 test) 10ms
 ✓ src/state/financeSelectors.test.ts (2 tests) 7ms
 ✓ src/state/operatingGoals.test.ts (2 tests) 11ms
 ✓ src/ui/gauge.test.tsx (1 test) 21ms
 ✓ src/state/preferences.test.ts (1 test) 4ms
 ✓ src/world/notifications.test.ts (1 test) 10ms
 ✓ src/world/disposal.test.ts (1 test) 6ms
 ✓ src/audio/mixer.test.ts (1 test) 6ms
 ✓ src/world/quality.test.ts (2 tests) 5ms

 Test Files  22 passed (22)
      Tests  93 passed (93)
   Start at  01:16:02
   Duration  3.59s (transform 822ms, setup 0ms, collect 1.89s, tests 3.10s, environment 7ms, prepare 1.73s)

npm notice
npm notice New major version of npm available! 11.9.0 -> 12.2.0
npm notice Changelog: https://github.com/npm/cli/releases/tag/v12.2.0
npm notice To update run: npm install -g npm@12.2.0
npm notice
